17:15:31 **** Incremental Build of configuration Debug for project Q-9 7 segmnt ****
make -j4 all 
arm-none-eabi-gcc "../Core/Src/main.c" -mcpu=cortex-m4 -std=gnu11 -g3 -DDEBUG -DUSE_HAL_DRIVER -DSTM32F446xx -c -I../Core/Inc -I../Drivers/STM32F4xx_HAL_Driver/Inc -I../Drivers/STM32F4xx_HAL_Driver/Inc/Legacy -I../Drivers/CMSIS/Device/ST/STM32F4xx/Include -I../Drivers/CMSIS/Include -O0 -ffunction-sections -fdata-sections -Wall -fstack-usage -fcyclomatic-complexity -MMD -MP -MF"Core/Src/main.d" -MT"Core/Src/main.o" --specs=nano.specs -mfpu=fpv4-sp-d16 -mfloat-abi=hard -mthumb -o "Core/Src/main.o"
arm-none-eabi-gcc -o "Q-9 7 segmnt.elf" @"objects.list"   -mcpu=cortex-m4 -T"C:\Users\tarun\STM32CubeIDE\workspace_1.14.1\Q-9 7 segmnt\STM32F446RETX_FLASH.ld" --specs=nosys.specs -Wl,-Map="Q-9 7 segmnt.map" -Wl,--gc-sections -static --specs=nano.specs -mfpu=fpv4-sp-d16 -mfloat-abi=hard -mthumb -Wl,--start-group -lc -lm -Wl,--end-group
Finished building target: Q-9 7 segmnt.elf
 
arm-none-eabi-size  Q-9\ 7\ segmnt.elf 
arm-none-eabi-objdump -h -S Q-9\ 7\ segmnt.elf  > "Q-9 7 segmnt.list"
   text	   data	    bss	    dec	    hex	filename
   6736	     20	   1572	   8328	   2088	Q-9 7 segmnt.elf
Finished building: default.size.stdout
 
Finished building: Q-9 7 segmnt.list
 

17:15:38 Build Finished. 0 errors, 0 warnings. (took 7s.547ms)

