../Core/Src/main.c:84:5:main	240	static
../Core/Src/main.c:185:6:SystemClock_Config	88	static
../Core/Src/main.c:232:13:MX_USART2_UART_Init	8	static
../Core/Src/main.c:265:13:MX_GPIO_Init	40	static
../Core/Src/main.c:303:6:StartLED_01	16	static
../Core/Src/main.c:322:6:StartLED_02	16	static
../Core/Src/main.c:341:6:StartTask03	16	static
../Core/Src/main.c:360:6:StartLED_04	16	static
../Core/Src/main.c:379:6:StartLED_05	16	static
../Core/Src/main.c:399:6:StartLED_06	16	static
../Core/Src/main.c:419:6:StartLED_07	16	static
../Core/Src/main.c:439:6:StartTLED_08	16	static
../Core/Src/main.c:460:6:HAL_TIM_PeriodElapsedCallback	16	static
../Core/Src/main.c:477:6:Error_Handler	4	static,ignoring_inline_asm
