07:56:53 **** Incremental Build of configuration Debug for project autolight ****
make -j4 all 
arm-none-eabi-gcc "../Core/Src/main.c" -mcpu=cortex-m4 -std=gnu11 -g3 -DDEBUG -DUSE_HAL_DRIVER -DSTM32F446xx -c -I../Core/Inc -I../Drivers/STM32F4xx_HAL_Driver/Inc -I../Drivers/STM32F4xx_HAL_Driver/Inc/Legacy -I../Drivers/CMSIS/Device/ST/STM32F4xx/Include -I../Drivers/CMSIS/Include -O0 -ffunction-sections -fdata-sections -Wall -fstack-usage -fcyclomatic-complexity -MMD -MP -MF"Core/Src/main.d" -MT"Core/Src/main.o" --specs=nano.specs -mfpu=fpv4-sp-d16 -mfloat-abi=hard -mthumb -o "Core/Src/main.o"
arm-none-eabi-gcc -o "autolight.elf" @"objects.list"   -mcpu=cortex-m4 -T"C:\Users\tarun\STM32CubeIDE\workspace_1.14.1\autolight\STM32F446RETX_FLASH.ld" --specs=nosys.specs -Wl,-Map="autolight.map" -Wl,--gc-sections -static --specs=nano.specs -mfpu=fpv4-sp-d16 -mfloat-abi=hard -mthumb -Wl,--start-group -lc -lm -Wl,--end-group
Finished building target: autolight.elf
 
arm-none-eabi-size  autolight.elf 
arm-none-eabi-objdump -h -S autolight.elf  > "autolight.list"
   text	   data	    bss	    dec	    hex	filename
  11404	     20	   1716	  13140	   3354	autolight.elf
Finished building: default.size.stdout
 
Finished building: autolight.list
 

07:56:57 Build Finished. 0 errors, 0 warnings. (took 4s.428ms)

